22:21:38 **** Build of configuration Debug for project 00_F3_Toggle_LED ****
make -j3 all 
Building file: /Users/arminbreiteneder/Dropbox/Development/stm32/STM32_Tutorial/00_F3_Toggle_LED/Drivers/STM32F3xx_HAL_Driver/Src/stm32f3xx_hal.c
Building file: /Users/arminbreiteneder/Dropbox/Development/stm32/STM32_Tutorial/00_F3_Toggle_LED/Drivers/STM32F3xx_HAL_Driver/Src/stm32f3xx_hal_cortex.c
Building file: /Users/arminbreiteneder/Dropbox/Development/stm32/STM32_Tutorial/00_F3_Toggle_LED/Drivers/STM32F3xx_HAL_Driver/Src/stm32f3xx_hal_dma.c
Invoking: MCU GCC Compiler
Invoking: MCU GCC Compiler
Invoking: MCU GCC Compiler
/Users/arminbreiteneder/Dropbox/Development/stm32/STM32_Tutorial/00_F3_Toggle_LED/SW4STM32/00_F3_Toggle_LED/Debug
arm-none-eabi-gcc -mcpu=cortex-m4 -mthumb -mfloat-abi=hard -mfpu=fpv4-sp-d16 -D__weak="__attribute__((weak))" -D__packed="__attribute__((__packed__))" -DUSE_HAL_DRIVER -DSTM32F303x8 -I"/Users/arminbreiteneder/Dropbox/Development/stm32/STM32_Tutorial/00_F3_Toggle_LED/Inc" -I"/Users/arminbreiteneder/Dropbox/Development/stm32/STM32_Tutorial/00_F3_Toggle_LED/Drivers/STM32F3xx_HAL_Driver/Inc" -I"/Users/arminbreiteneder/Dropbox/Development/stm32/STM32_Tutorial/00_F3_Toggle_LED/Drivers/STM32F3xx_HAL_Driver/Inc/Legacy" -I"/Users/arminbreiteneder/Dropbox/Development/stm32/STM32_Tutorial/00_F3_Toggle_LED/Drivers/CMSIS/Include" -I"/Users/arminbreiteneder/Dropbox/Development/stm32/STM32_Tutorial/00_F3_Toggle_LED/Drivers/CMSIS/Device/ST/STM32F3xx/Include"  -Os -g3 -Wall -fmessage-length=0 -ffunction-sections -c -fmessage-length=0 -MMD -MP -MF"Drivers/STM32F3xx_HAL_Driver/stm32f3xx_hal_cortex.d" -MT"Drivers/STM32F3xx_HAL_Driver/stm32f3xx_hal_cortex.o" -o "Drivers/STM32F3xx_HAL_Driver/stm32f3xx_hal_cortex.o" "/Users/arminbreiteneder/Dropbox/Development/stm32/STM32_Tutorial/00_F3_Toggle_LED/Drivers/STM32F3xx_HAL_Driver/Src/stm32f3xx_hal_cortex.c"
/Users/arminbreiteneder/Dropbox/Development/stm32/STM32_Tutorial/00_F3_Toggle_LED/SW4STM32/00_F3_Toggle_LED/Debug
arm-none-eabi-gcc -mcpu=cortex-m4 -mthumb -mfloat-abi=hard -mfpu=fpv4-sp-d16 -D__weak="__attribute__((weak))" -D__packed="__attribute__((__packed__))" -DUSE_HAL_DRIVER -DSTM32F303x8 -I"/Users/arminbreiteneder/Dropbox/Development/stm32/STM32_Tutorial/00_F3_Toggle_LED/Inc" -I"/Users/arminbreiteneder/Dropbox/Development/stm32/STM32_Tutorial/00_F3_Toggle_LED/Drivers/STM32F3xx_HAL_Driver/Inc" -I"/Users/arminbreiteneder/Dropbox/Development/stm32/STM32_Tutorial/00_F3_Toggle_LED/Drivers/STM32F3xx_HAL_Driver/Inc/Legacy" -I"/Users/arminbreiteneder/Dropbox/Development/stm32/STM32_Tutorial/00_F3_Toggle_LED/Drivers/CMSIS/Include" -I"/Users/arminbreiteneder/Dropbox/Development/stm32/STM32_Tutorial/00_F3_Toggle_LED/Drivers/CMSIS/Device/ST/STM32F3xx/Include"  -Os -g3 -Wall -fmessage-length=0 -ffunction-sections -c -fmessage-length=0 -MMD -MP -MF"Drivers/STM32F3xx_HAL_Driver/stm32f3xx_hal.d" -MT"Drivers/STM32F3xx_HAL_Driver/stm32f3xx_hal.o" -o "Drivers/STM32F3xx_HAL_Driver/stm32f3xx_hal.o" "/Users/arminbreiteneder/Dropbox/Development/stm32/STM32_Tutorial/00_F3_Toggle_LED/Drivers/STM32F3xx_HAL_Driver/Src/stm32f3xx_hal.c"
/Users/arminbreiteneder/Dropbox/Development/stm32/STM32_Tutorial/00_F3_Toggle_LED/SW4STM32/00_F3_Toggle_LED/Debug
arm-none-eabi-gcc -mcpu=cortex-m4 -mthumb -mfloat-abi=hard -mfpu=fpv4-sp-d16 -D__weak="__attribute__((weak))" -D__packed="__attribute__((__packed__))" -DUSE_HAL_DRIVER -DSTM32F303x8 -I"/Users/arminbreiteneder/Dropbox/Development/stm32/STM32_Tutorial/00_F3_Toggle_LED/Inc" -I"/Users/arminbreiteneder/Dropbox/Development/stm32/STM32_Tutorial/00_F3_Toggle_LED/Drivers/STM32F3xx_HAL_Driver/Inc" -I"/Users/arminbreiteneder/Dropbox/Development/stm32/STM32_Tutorial/00_F3_Toggle_LED/Drivers/STM32F3xx_HAL_Driver/Inc/Legacy" -I"/Users/arminbreiteneder/Dropbox/Development/stm32/STM32_Tutorial/00_F3_Toggle_LED/Drivers/CMSIS/Include" -I"/Users/arminbreiteneder/Dropbox/Development/stm32/STM32_Tutorial/00_F3_Toggle_LED/Drivers/CMSIS/Device/ST/STM32F3xx/Include"  -Os -g3 -Wall -fmessage-length=0 -ffunction-sections -c -fmessage-length=0 -MMD -MP -MF"Drivers/STM32F3xx_HAL_Driver/stm32f3xx_hal_dma.d" -MT"Drivers/STM32F3xx_HAL_Driver/stm32f3xx_hal_dma.o" -o "Drivers/STM32F3xx_HAL_Driver/stm32f3xx_hal_dma.o" "/Users/arminbreiteneder/Dropbox/Development/stm32/STM32_Tutorial/00_F3_Toggle_LED/Drivers/STM32F3xx_HAL_Driver/Src/stm32f3xx_hal_dma.c"
Finished building: /Users/arminbreiteneder/Dropbox/Development/stm32/STM32_Tutorial/00_F3_Toggle_LED/Drivers/STM32F3xx_HAL_Driver/Src/stm32f3xx_hal.c
Finished building: /Users/arminbreiteneder/Dropbox/Development/stm32/STM32_Tutorial/00_F3_Toggle_LED/Drivers/STM32F3xx_HAL_Driver/Src/stm32f3xx_hal_cortex.c
 
 
Building file: /Users/arminbreiteneder/Dropbox/Development/stm32/STM32_Tutorial/00_F3_Toggle_LED/Drivers/STM32F3xx_HAL_Driver/Src/stm32f3xx_hal_flash.c
Building file: /Users/arminbreiteneder/Dropbox/Development/stm32/STM32_Tutorial/00_F3_Toggle_LED/Drivers/STM32F3xx_HAL_Driver/Src/stm32f3xx_hal_flash_ex.c
Invoking: MCU GCC Compiler
Invoking: MCU GCC Compiler
/Users/arminbreiteneder/Dropbox/Development/stm32/STM32_Tutorial/00_F3_Toggle_LED/SW4STM32/00_F3_Toggle_LED/Debug
arm-none-eabi-gcc -mcpu=cortex-m4 -mthumb -mfloat-abi=hard -mfpu=fpv4-sp-d16 -D__weak="__attribute__((weak))" -D__packed="__attribute__((__packed__))" -DUSE_HAL_DRIVER -DSTM32F303x8 -I"/Users/arminbreiteneder/Dropbox/Development/stm32/STM32_Tutorial/00_F3_Toggle_LED/Inc" -I"/Users/arminbreiteneder/Dropbox/Development/stm32/STM32_Tutorial/00_F3_Toggle_LED/Drivers/STM32F3xx_HAL_Driver/Inc" -I"/Users/arminbreiteneder/Dropbox/Development/stm32/STM32_Tutorial/00_F3_Toggle_LED/Drivers/STM32F3xx_HAL_Driver/Inc/Legacy" -I"/Users/arminbreiteneder/Dropbox/Development/stm32/STM32_Tutorial/00_F3_Toggle_LED/Drivers/CMSIS/Include" -I"/Users/arminbreiteneder/Dropbox/Development/stm32/STM32_Tutorial/00_F3_Toggle_LED/Drivers/CMSIS/Device/ST/STM32F3xx/Include"  -Os -g3 -Wall -fmessage-length=0 -ffunction-sections -c -fmessage-length=0 -MMD -MP -MF"Drivers/STM32F3xx_HAL_Driver/stm32f3xx_hal_flash.d" -MT"Drivers/STM32F3xx_HAL_Driver/stm32f3xx_hal_flash.o" -o "Drivers/STM32F3xx_HAL_Driver/stm32f3xx_hal_flash.o" "/Users/arminbreiteneder/Dropbox/Development/stm32/STM32_Tutorial/00_F3_Toggle_LED/Drivers/STM32F3xx_HAL_Driver/Src/stm32f3xx_hal_flash.c"
/Users/arminbreiteneder/Dropbox/Development/stm32/STM32_Tutorial/00_F3_Toggle_LED/SW4STM32/00_F3_Toggle_LED/Debug
arm-none-eabi-gcc -mcpu=cortex-m4 -mthumb -mfloat-abi=hard -mfpu=fpv4-sp-d16 -D__weak="__attribute__((weak))" -D__packed="__attribute__((__packed__))" -DUSE_HAL_DRIVER -DSTM32F303x8 -I"/Users/arminbreiteneder/Dropbox/Development/stm32/STM32_Tutorial/00_F3_Toggle_LED/Inc" -I"/Users/arminbreiteneder/Dropbox/Development/stm32/STM32_Tutorial/00_F3_Toggle_LED/Drivers/STM32F3xx_HAL_Driver/Inc" -I"/Users/arminbreiteneder/Dropbox/Development/stm32/STM32_Tutorial/00_F3_Toggle_LED/Drivers/STM32F3xx_HAL_Driver/Inc/Legacy" -I"/Users/arminbreiteneder/Dropbox/Development/stm32/STM32_Tutorial/00_F3_Toggle_LED/Drivers/CMSIS/Include" -I"/Users/arminbreiteneder/Dropbox/Development/stm32/STM32_Tutorial/00_F3_Toggle_LED/Drivers/CMSIS/Device/ST/STM32F3xx/Include"  -Os -g3 -Wall -fmessage-length=0 -ffunction-sections -c -fmessage-length=0 -MMD -MP -MF"Drivers/STM32F3xx_HAL_Driver/stm32f3xx_hal_flash_ex.d" -MT"Drivers/STM32F3xx_HAL_Driver/stm32f3xx_hal_flash_ex.o" -o "Drivers/STM32F3xx_HAL_Driver/stm32f3xx_hal_flash_ex.o" "/Users/arminbreiteneder/Dropbox/Development/stm32/STM32_Tutorial/00_F3_Toggle_LED/Drivers/STM32F3xx_HAL_Driver/Src/stm32f3xx_hal_flash_ex.c"
Finished building: /Users/arminbreiteneder/Dropbox/Development/stm32/STM32_Tutorial/00_F3_Toggle_LED/Drivers/STM32F3xx_HAL_Driver/Src/stm32f3xx_hal_dma.c
 
Building file: /Users/arminbreiteneder/Dropbox/Development/stm32/STM32_Tutorial/00_F3_Toggle_LED/Drivers/STM32F3xx_HAL_Driver/Src/stm32f3xx_hal_gpio.c
Invoking: MCU GCC Compiler
/Users/arminbreiteneder/Dropbox/Development/stm32/STM32_Tutorial/00_F3_Toggle_LED/SW4STM32/00_F3_Toggle_LED/Debug
arm-none-eabi-gcc -mcpu=cortex-m4 -mthumb -mfloat-abi=hard -mfpu=fpv4-sp-d16 -D__weak="__attribute__((weak))" -D__packed="__attribute__((__packed__))" -DUSE_HAL_DRIVER -DSTM32F303x8 -I"/Users/arminbreiteneder/Dropbox/Development/stm32/STM32_Tutorial/00_F3_Toggle_LED/Inc" -I"/Users/arminbreiteneder/Dropbox/Development/stm32/STM32_Tutorial/00_F3_Toggle_LED/Drivers/STM32F3xx_HAL_Driver/Inc" -I"/Users/arminbreiteneder/Dropbox/Development/stm32/STM32_Tutorial/00_F3_Toggle_LED/Drivers/STM32F3xx_HAL_Driver/Inc/Legacy" -I"/Users/arminbreiteneder/Dropbox/Development/stm32/STM32_Tutorial/00_F3_Toggle_LED/Drivers/CMSIS/Include" -I"/Users/arminbreiteneder/Dropbox/Development/stm32/STM32_Tutorial/00_F3_Toggle_LED/Drivers/CMSIS/Device/ST/STM32F3xx/Include"  -Os -g3 -Wall -fmessage-length=0 -ffunction-sections -c -fmessage-length=0 -MMD -MP -MF"Drivers/STM32F3xx_HAL_Driver/stm32f3xx_hal_gpio.d" -MT"Drivers/STM32F3xx_HAL_Driver/stm32f3xx_hal_gpio.o" -o "Drivers/STM32F3xx_HAL_Driver/stm32f3xx_hal_gpio.o" "/Users/arminbreiteneder/Dropbox/Development/stm32/STM32_Tutorial/00_F3_Toggle_LED/Drivers/STM32F3xx_HAL_Driver/Src/stm32f3xx_hal_gpio.c"
Finished building: /Users/arminbreiteneder/Dropbox/Development/stm32/STM32_Tutorial/00_F3_Toggle_LED/Drivers/STM32F3xx_HAL_Driver/Src/stm32f3xx_hal_flash.c
 
Building file: /Users/arminbreiteneder/Dropbox/Development/stm32/STM32_Tutorial/00_F3_Toggle_LED/Drivers/STM32F3xx_HAL_Driver/Src/stm32f3xx_hal_i2c.c
Invoking: MCU GCC Compiler
/Users/arminbreiteneder/Dropbox/Development/stm32/STM32_Tutorial/00_F3_Toggle_LED/SW4STM32/00_F3_Toggle_LED/Debug
arm-none-eabi-gcc -mcpu=cortex-m4 -mthumb -mfloat-abi=hard -mfpu=fpv4-sp-d16 -D__weak="__attribute__((weak))" -D__packed="__attribute__((__packed__))" -DUSE_HAL_DRIVER -DSTM32F303x8 -I"/Users/arminbreiteneder/Dropbox/Development/stm32/STM32_Tutorial/00_F3_Toggle_LED/Inc" -I"/Users/arminbreiteneder/Dropbox/Development/stm32/STM32_Tutorial/00_F3_Toggle_LED/Drivers/STM32F3xx_HAL_Driver/Inc" -I"/Users/arminbreiteneder/Dropbox/Development/stm32/STM32_Tutorial/00_F3_Toggle_LED/Drivers/STM32F3xx_HAL_Driver/Inc/Legacy" -I"/Users/arminbreiteneder/Dropbox/Development/stm32/STM32_Tutorial/00_F3_Toggle_LED/Drivers/CMSIS/Include" -I"/Users/arminbreiteneder/Dropbox/Development/stm32/STM32_Tutorial/00_F3_Toggle_LED/Drivers/CMSIS/Device/ST/STM32F3xx/Include"  -Os -g3 -Wall -fmessage-length=0 -ffunction-sections -c -fmessage-length=0 -MMD -MP -MF"Drivers/STM32F3xx_HAL_Driver/stm32f3xx_hal_i2c.d" -MT"Drivers/STM32F3xx_HAL_Driver/stm32f3xx_hal_i2c.o" -o "Drivers/STM32F3xx_HAL_Driver/stm32f3xx_hal_i2c.o" "/Users/arminbreiteneder/Dropbox/Development/stm32/STM32_Tutorial/00_F3_Toggle_LED/Drivers/STM32F3xx_HAL_Driver/Src/stm32f3xx_hal_i2c.c"
Finished building: /Users/arminbreiteneder/Dropbox/Development/stm32/STM32_Tutorial/00_F3_Toggle_LED/Drivers/STM32F3xx_HAL_Driver/Src/stm32f3xx_hal_gpio.c
 
Finished building: /Users/arminbreiteneder/Dropbox/Development/stm32/STM32_Tutorial/00_F3_Toggle_LED/Drivers/STM32F3xx_HAL_Driver/Src/stm32f3xx_hal_flash_ex.c
Building file: /Users/arminbreiteneder/Dropbox/Development/stm32/STM32_Tutorial/00_F3_Toggle_LED/Drivers/STM32F3xx_HAL_Driver/Src/stm32f3xx_hal_i2c_ex.c
 
Invoking: MCU GCC Compiler
Building file: /Users/arminbreiteneder/Dropbox/Development/stm32/STM32_Tutorial/00_F3_Toggle_LED/Drivers/STM32F3xx_HAL_Driver/Src/stm32f3xx_hal_pwr.c
/Users/arminbreiteneder/Dropbox/Development/stm32/STM32_Tutorial/00_F3_Toggle_LED/SW4STM32/00_F3_Toggle_LED/Debug
arm-none-eabi-gcc -mcpu=cortex-m4 -mthumb -mfloat-abi=hard -mfpu=fpv4-sp-d16 -D__weak="__attribute__((weak))" -D__packed="__attribute__((__packed__))" -DUSE_HAL_DRIVER -DSTM32F303x8 -I"/Users/arminbreiteneder/Dropbox/Development/stm32/STM32_Tutorial/00_F3_Toggle_LED/Inc" -I"/Users/arminbreiteneder/Dropbox/Development/stm32/STM32_Tutorial/00_F3_Toggle_LED/Drivers/STM32F3xx_HAL_Driver/Inc" -I"/Users/arminbreiteneder/Dropbox/Development/stm32/STM32_Tutorial/00_F3_Toggle_LED/Drivers/STM32F3xx_HAL_Driver/Inc/Legacy" -I"/Users/arminbreiteneder/Dropbox/Development/stm32/STM32_Tutorial/00_F3_Toggle_LED/Drivers/CMSIS/Include" -I"/Users/arminbreiteneder/Dropbox/Development/stm32/STM32_Tutorial/00_F3_Toggle_LED/Drivers/CMSIS/Device/ST/STM32F3xx/Include"  -Os -g3 -Wall -fmessage-length=0 -ffunction-sections -c -fmessage-length=0 -MMD -MP -MF"Drivers/STM32F3xx_HAL_Driver/stm32f3xx_hal_i2c_ex.d" -MT"Drivers/STM32F3xx_HAL_Driver/stm32f3xx_hal_i2c_ex.o" -o "Drivers/STM32F3xx_HAL_Driver/stm32f3xx_hal_i2c_ex.o" "/Users/arminbreiteneder/Dropbox/Development/stm32/STM32_Tutorial/00_F3_Toggle_LED/Drivers/STM32F3xx_HAL_Driver/Src/stm32f3xx_hal_i2c_ex.c"
Invoking: MCU GCC Compiler
/Users/arminbreiteneder/Dropbox/Development/stm32/STM32_Tutorial/00_F3_Toggle_LED/SW4STM32/00_F3_Toggle_LED/Debug
arm-none-eabi-gcc -mcpu=cortex-m4 -mthumb -mfloat-abi=hard -mfpu=fpv4-sp-d16 -D__weak="__attribute__((weak))" -D__packed="__attribute__((__packed__))" -DUSE_HAL_DRIVER -DSTM32F303x8 -I"/Users/arminbreiteneder/Dropbox/Development/stm32/STM32_Tutorial/00_F3_Toggle_LED/Inc" -I"/Users/arminbreiteneder/Dropbox/Development/stm32/STM32_Tutorial/00_F3_Toggle_LED/Drivers/STM32F3xx_HAL_Driver/Inc" -I"/Users/arminbreiteneder/Dropbox/Development/stm32/STM32_Tutorial/00_F3_Toggle_LED/Drivers/STM32F3xx_HAL_Driver/Inc/Legacy" -I"/Users/arminbreiteneder/Dropbox/Development/stm32/STM32_Tutorial/00_F3_Toggle_LED/Drivers/CMSIS/Include" -I"/Users/arminbreiteneder/Dropbox/Development/stm32/STM32_Tutorial/00_F3_Toggle_LED/Drivers/CMSIS/Device/ST/STM32F3xx/Include"  -Os -g3 -Wall -fmessage-length=0 -ffunction-sections -c -fmessage-length=0 -MMD -MP -MF"Drivers/STM32F3xx_HAL_Driver/stm32f3xx_hal_pwr.d" -MT"Drivers/STM32F3xx_HAL_Driver/stm32f3xx_hal_pwr.o" -o "Drivers/STM32F3xx_HAL_Driver/stm32f3xx_hal_pwr.o" "/Users/arminbreiteneder/Dropbox/Development/stm32/STM32_Tutorial/00_F3_Toggle_LED/Drivers/STM32F3xx_HAL_Driver/Src/stm32f3xx_hal_pwr.c"
Finished building: /Users/arminbreiteneder/Dropbox/Development/stm32/STM32_Tutorial/00_F3_Toggle_LED/Drivers/STM32F3xx_HAL_Driver/Src/stm32f3xx_hal_pwr.c
Finished building: /Users/arminbreiteneder/Dropbox/Development/stm32/STM32_Tutorial/00_F3_Toggle_LED/Drivers/STM32F3xx_HAL_Driver/Src/stm32f3xx_hal_i2c_ex.c
 
 
Building file: /Users/arminbreiteneder/Dropbox/Development/stm32/STM32_Tutorial/00_F3_Toggle_LED/Drivers/STM32F3xx_HAL_Driver/Src/stm32f3xx_hal_pwr_ex.c
Building file: /Users/arminbreiteneder/Dropbox/Development/stm32/STM32_Tutorial/00_F3_Toggle_LED/Drivers/STM32F3xx_HAL_Driver/Src/stm32f3xx_hal_rcc.c
Invoking: MCU GCC Compiler
Invoking: MCU GCC Compiler
/Users/arminbreiteneder/Dropbox/Development/stm32/STM32_Tutorial/00_F3_Toggle_LED/SW4STM32/00_F3_Toggle_LED/Debug
arm-none-eabi-gcc -mcpu=cortex-m4 -mthumb -mfloat-abi=hard -mfpu=fpv4-sp-d16 -D__weak="__attribute__((weak))" -D__packed="__attribute__((__packed__))" -DUSE_HAL_DRIVER -DSTM32F303x8 -I"/Users/arminbreiteneder/Dropbox/Development/stm32/STM32_Tutorial/00_F3_Toggle_LED/Inc" -I"/Users/arminbreiteneder/Dropbox/Development/stm32/STM32_Tutorial/00_F3_Toggle_LED/Drivers/STM32F3xx_HAL_Driver/Inc" -I"/Users/arminbreiteneder/Dropbox/Development/stm32/STM32_Tutorial/00_F3_Toggle_LED/Drivers/STM32F3xx_HAL_Driver/Inc/Legacy" -I"/Users/arminbreiteneder/Dropbox/Development/stm32/STM32_Tutorial/00_F3_Toggle_LED/Drivers/CMSIS/Include" -I"/Users/arminbreiteneder/Dropbox/Development/stm32/STM32_Tutorial/00_F3_Toggle_LED/Drivers/CMSIS/Device/ST/STM32F3xx/Include"  -Os -g3 -Wall -fmessage-length=0 -ffunction-sections -c -fmessage-length=0 -MMD -MP -MF"Drivers/STM32F3xx_HAL_Driver/stm32f3xx_hal_pwr_ex.d" -MT"Drivers/STM32F3xx_HAL_Driver/stm32f3xx_hal_pwr_ex.o" -o "Drivers/STM32F3xx_HAL_Driver/stm32f3xx_hal_pwr_ex.o" "/Users/arminbreiteneder/Dropbox/Development/stm32/STM32_Tutorial/00_F3_Toggle_LED/Drivers/STM32F3xx_HAL_Driver/Src/stm32f3xx_hal_pwr_ex.c"
/Users/arminbreiteneder/Dropbox/Development/stm32/STM32_Tutorial/00_F3_Toggle_LED/SW4STM32/00_F3_Toggle_LED/Debug
arm-none-eabi-gcc -mcpu=cortex-m4 -mthumb -mfloat-abi=hard -mfpu=fpv4-sp-d16 -D__weak="__attribute__((weak))" -D__packed="__attribute__((__packed__))" -DUSE_HAL_DRIVER -DSTM32F303x8 -I"/Users/arminbreiteneder/Dropbox/Development/stm32/STM32_Tutorial/00_F3_Toggle_LED/Inc" -I"/Users/arminbreiteneder/Dropbox/Development/stm32/STM32_Tutorial/00_F3_Toggle_LED/Drivers/STM32F3xx_HAL_Driver/Inc" -I"/Users/arminbreiteneder/Dropbox/Development/stm32/STM32_Tutorial/00_F3_Toggle_LED/Drivers/STM32F3xx_HAL_Driver/Inc/Legacy" -I"/Users/arminbreiteneder/Dropbox/Development/stm32/STM32_Tutorial/00_F3_Toggle_LED/Drivers/CMSIS/Include" -I"/Users/arminbreiteneder/Dropbox/Development/stm32/STM32_Tutorial/00_F3_Toggle_LED/Drivers/CMSIS/Device/ST/STM32F3xx/Include"  -Os -g3 -Wall -fmessage-length=0 -ffunction-sections -c -fmessage-length=0 -MMD -MP -MF"Drivers/STM32F3xx_HAL_Driver/stm32f3xx_hal_rcc.d" -MT"Drivers/STM32F3xx_HAL_Driver/stm32f3xx_hal_rcc.o" -o "Drivers/STM32F3xx_HAL_Driver/stm32f3xx_hal_rcc.o" "/Users/arminbreiteneder/Dropbox/Development/stm32/STM32_Tutorial/00_F3_Toggle_LED/Drivers/STM32F3xx_HAL_Driver/Src/stm32f3xx_hal_rcc.c"
Finished building: /Users/arminbreiteneder/Dropbox/Development/stm32/STM32_Tutorial/00_F3_Toggle_LED/Drivers/STM32F3xx_HAL_Driver/Src/stm32f3xx_hal_pwr_ex.c
 
Building file: /Users/arminbreiteneder/Dropbox/Development/stm32/STM32_Tutorial/00_F3_Toggle_LED/Drivers/STM32F3xx_HAL_Driver/Src/stm32f3xx_hal_rcc_ex.c
Invoking: MCU GCC Compiler
/Users/arminbreiteneder/Dropbox/Development/stm32/STM32_Tutorial/00_F3_Toggle_LED/SW4STM32/00_F3_Toggle_LED/Debug
arm-none-eabi-gcc -mcpu=cortex-m4 -mthumb -mfloat-abi=hard -mfpu=fpv4-sp-d16 -D__weak="__attribute__((weak))" -D__packed="__attribute__((__packed__))" -DUSE_HAL_DRIVER -DSTM32F303x8 -I"/Users/arminbreiteneder/Dropbox/Development/stm32/STM32_Tutorial/00_F3_Toggle_LED/Inc" -I"/Users/arminbreiteneder/Dropbox/Development/stm32/STM32_Tutorial/00_F3_Toggle_LED/Drivers/STM32F3xx_HAL_Driver/Inc" -I"/Users/arminbreiteneder/Dropbox/Development/stm32/STM32_Tutorial/00_F3_Toggle_LED/Drivers/STM32F3xx_HAL_Driver/Inc/Legacy" -I"/Users/arminbreiteneder/Dropbox/Development/stm32/STM32_Tutorial/00_F3_Toggle_LED/Drivers/CMSIS/Include" -I"/Users/arminbreiteneder/Dropbox/Development/stm32/STM32_Tutorial/00_F3_Toggle_LED/Drivers/CMSIS/Device/ST/STM32F3xx/Include"  -Os -g3 -Wall -fmessage-length=0 -ffunction-sections -c -fmessage-length=0 -MMD -MP -MF"Drivers/STM32F3xx_HAL_Driver/stm32f3xx_hal_rcc_ex.d" -MT"Drivers/STM32F3xx_HAL_Driver/stm32f3xx_hal_rcc_ex.o" -o "Drivers/STM32F3xx_HAL_Driver/stm32f3xx_hal_rcc_ex.o" "/Users/arminbreiteneder/Dropbox/Development/stm32/STM32_Tutorial/00_F3_Toggle_LED/Drivers/STM32F3xx_HAL_Driver/Src/stm32f3xx_hal_rcc_ex.c"
Finished building: /Users/arminbreiteneder/Dropbox/Development/stm32/STM32_Tutorial/00_F3_Toggle_LED/Drivers/STM32F3xx_HAL_Driver/Src/stm32f3xx_hal_rcc.c
 
Building file: /Users/arminbreiteneder/Dropbox/Development/stm32/STM32_Tutorial/00_F3_Toggle_LED/Drivers/STM32F3xx_HAL_Driver/Src/stm32f3xx_hal_tim.c
Invoking: MCU GCC Compiler
/Users/arminbreiteneder/Dropbox/Development/stm32/STM32_Tutorial/00_F3_Toggle_LED/SW4STM32/00_F3_Toggle_LED/Debug
arm-none-eabi-gcc -mcpu=cortex-m4 -mthumb -mfloat-abi=hard -mfpu=fpv4-sp-d16 -D__weak="__attribute__((weak))" -D__packed="__attribute__((__packed__))" -DUSE_HAL_DRIVER -DSTM32F303x8 -I"/Users/arminbreiteneder/Dropbox/Development/stm32/STM32_Tutorial/00_F3_Toggle_LED/Inc" -I"/Users/arminbreiteneder/Dropbox/Development/stm32/STM32_Tutorial/00_F3_Toggle_LED/Drivers/STM32F3xx_HAL_Driver/Inc" -I"/Users/arminbreiteneder/Dropbox/Development/stm32/STM32_Tutorial/00_F3_Toggle_LED/Drivers/STM32F3xx_HAL_Driver/Inc/Legacy" -I"/Users/arminbreiteneder/Dropbox/Development/stm32/STM32_Tutorial/00_F3_Toggle_LED/Drivers/CMSIS/Include" -I"/Users/arminbreiteneder/Dropbox/Development/stm32/STM32_Tutorial/00_F3_Toggle_LED/Drivers/CMSIS/Device/ST/STM32F3xx/Include"  -Os -g3 -Wall -fmessage-length=0 -ffunction-sections -c -fmessage-length=0 -MMD -MP -MF"Drivers/STM32F3xx_HAL_Driver/stm32f3xx_hal_tim.d" -MT"Drivers/STM32F3xx_HAL_Driver/stm32f3xx_hal_tim.o" -o "Drivers/STM32F3xx_HAL_Driver/stm32f3xx_hal_tim.o" "/Users/arminbreiteneder/Dropbox/Development/stm32/STM32_Tutorial/00_F3_Toggle_LED/Drivers/STM32F3xx_HAL_Driver/Src/stm32f3xx_hal_tim.c"
Finished building: /Users/arminbreiteneder/Dropbox/Development/stm32/STM32_Tutorial/00_F3_Toggle_LED/Drivers/STM32F3xx_HAL_Driver/Src/stm32f3xx_hal_rcc_ex.c
 
Building file: /Users/arminbreiteneder/Dropbox/Development/stm32/STM32_Tutorial/00_F3_Toggle_LED/Drivers/STM32F3xx_HAL_Driver/Src/stm32f3xx_hal_tim_ex.c
Invoking: MCU GCC Compiler
/Users/arminbreiteneder/Dropbox/Development/stm32/STM32_Tutorial/00_F3_Toggle_LED/SW4STM32/00_F3_Toggle_LED/Debug
arm-none-eabi-gcc -mcpu=cortex-m4 -mthumb -mfloat-abi=hard -mfpu=fpv4-sp-d16 -D__weak="__attribute__((weak))" -D__packed="__attribute__((__packed__))" -DUSE_HAL_DRIVER -DSTM32F303x8 -I"/Users/arminbreiteneder/Dropbox/Development/stm32/STM32_Tutorial/00_F3_Toggle_LED/Inc" -I"/Users/arminbreiteneder/Dropbox/Development/stm32/STM32_Tutorial/00_F3_Toggle_LED/Drivers/STM32F3xx_HAL_Driver/Inc" -I"/Users/arminbreiteneder/Dropbox/Development/stm32/STM32_Tutorial/00_F3_Toggle_LED/Drivers/STM32F3xx_HAL_Driver/Inc/Legacy" -I"/Users/arminbreiteneder/Dropbox/Development/stm32/STM32_Tutorial/00_F3_Toggle_LED/Drivers/CMSIS/Include" -I"/Users/arminbreiteneder/Dropbox/Development/stm32/STM32_Tutorial/00_F3_Toggle_LED/Drivers/CMSIS/Device/ST/STM32F3xx/Include"  -Os -g3 -Wall -fmessage-length=0 -ffunction-sections -c -fmessage-length=0 -MMD -MP -MF"Drivers/STM32F3xx_HAL_Driver/stm32f3xx_hal_tim_ex.d" -MT"Drivers/STM32F3xx_HAL_Driver/stm32f3xx_hal_tim_ex.o" -o "Drivers/STM32F3xx_HAL_Driver/stm32f3xx_hal_tim_ex.o" "/Users/arminbreiteneder/Dropbox/Development/stm32/STM32_Tutorial/00_F3_Toggle_LED/Drivers/STM32F3xx_HAL_Driver/Src/stm32f3xx_hal_tim_ex.c"
Finished building: /Users/arminbreiteneder/Dropbox/Development/stm32/STM32_Tutorial/00_F3_Toggle_LED/Drivers/STM32F3xx_HAL_Driver/Src/stm32f3xx_hal_i2c.c
 
Building file: /Users/arminbreiteneder/Dropbox/Development/stm32/STM32_Tutorial/00_F3_Toggle_LED/Drivers/CMSIS/Device/ST/STM32F3xx/Source/Templates/system_stm32f3xx.c
Invoking: MCU GCC Compiler
/Users/arminbreiteneder/Dropbox/Development/stm32/STM32_Tutorial/00_F3_Toggle_LED/SW4STM32/00_F3_Toggle_LED/Debug
arm-none-eabi-gcc -mcpu=cortex-m4 -mthumb -mfloat-abi=hard -mfpu=fpv4-sp-d16 -D__weak="__attribute__((weak))" -D__packed="__attribute__((__packed__))" -DUSE_HAL_DRIVER -DSTM32F303x8 -I"/Users/arminbreiteneder/Dropbox/Development/stm32/STM32_Tutorial/00_F3_Toggle_LED/Inc" -I"/Users/arminbreiteneder/Dropbox/Development/stm32/STM32_Tutorial/00_F3_Toggle_LED/Drivers/STM32F3xx_HAL_Driver/Inc" -I"/Users/arminbreiteneder/Dropbox/Development/stm32/STM32_Tutorial/00_F3_Toggle_LED/Drivers/STM32F3xx_HAL_Driver/Inc/Legacy" -I"/Users/arminbreiteneder/Dropbox/Development/stm32/STM32_Tutorial/00_F3_Toggle_LED/Drivers/CMSIS/Include" -I"/Users/arminbreiteneder/Dropbox/Development/stm32/STM32_Tutorial/00_F3_Toggle_LED/Drivers/CMSIS/Device/ST/STM32F3xx/Include"  -Os -g3 -Wall -fmessage-length=0 -ffunction-sections -c -fmessage-length=0 -MMD -MP -MF"Drivers/CMSIS/system_stm32f3xx.d" -MT"Drivers/CMSIS/system_stm32f3xx.o" -o "Drivers/CMSIS/system_stm32f3xx.o" "/Users/arminbreiteneder/Dropbox/Development/stm32/STM32_Tutorial/00_F3_Toggle_LED/Drivers/CMSIS/Device/ST/STM32F3xx/Source/Templates/system_stm32f3xx.c"
Finished building: /Users/arminbreiteneder/Dropbox/Development/stm32/STM32_Tutorial/00_F3_Toggle_LED/Drivers/STM32F3xx_HAL_Driver/Src/stm32f3xx_hal_tim_ex.c
 
Building file: /Users/arminbreiteneder/Dropbox/Development/stm32/STM32_Tutorial/00_F3_Toggle_LED/Src/main.c
Invoking: MCU GCC Compiler
/Users/arminbreiteneder/Dropbox/Development/stm32/STM32_Tutorial/00_F3_Toggle_LED/SW4STM32/00_F3_Toggle_LED/Debug
arm-none-eabi-gcc -mcpu=cortex-m4 -mthumb -mfloat-abi=hard -mfpu=fpv4-sp-d16 -D__weak="__attribute__((weak))" -D__packed="__attribute__((__packed__))" -DUSE_HAL_DRIVER -DSTM32F303x8 -I"/Users/arminbreiteneder/Dropbox/Development/stm32/STM32_Tutorial/00_F3_Toggle_LED/Inc" -I"/Users/arminbreiteneder/Dropbox/Development/stm32/STM32_Tutorial/00_F3_Toggle_LED/Drivers/STM32F3xx_HAL_Driver/Inc" -I"/Users/arminbreiteneder/Dropbox/Development/stm32/STM32_Tutorial/00_F3_Toggle_LED/Drivers/STM32F3xx_HAL_Driver/Inc/Legacy" -I"/Users/arminbreiteneder/Dropbox/Development/stm32/STM32_Tutorial/00_F3_Toggle_LED/Drivers/CMSIS/Include" -I"/Users/arminbreiteneder/Dropbox/Development/stm32/STM32_Tutorial/00_F3_Toggle_LED/Drivers/CMSIS/Device/ST/STM32F3xx/Include"  -Os -g3 -Wall -fmessage-length=0 -ffunction-sections -c -fmessage-length=0 -MMD -MP -MF"Application/User/main.d" -MT"Application/User/main.o" -o "Application/User/main.o" "/Users/arminbreiteneder/Dropbox/Development/stm32/STM32_Tutorial/00_F3_Toggle_LED/Src/main.c"
Finished building: /Users/arminbreiteneder/Dropbox/Development/stm32/STM32_Tutorial/00_F3_Toggle_LED/Drivers/CMSIS/Device/ST/STM32F3xx/Source/Templates/system_stm32f3xx.c
 
Building file: /Users/arminbreiteneder/Dropbox/Development/stm32/STM32_Tutorial/00_F3_Toggle_LED/Src/stm32f3xx_hal_msp.c
Invoking: MCU GCC Compiler
/Users/arminbreiteneder/Dropbox/Development/stm32/STM32_Tutorial/00_F3_Toggle_LED/SW4STM32/00_F3_Toggle_LED/Debug
arm-none-eabi-gcc -mcpu=cortex-m4 -mthumb -mfloat-abi=hard -mfpu=fpv4-sp-d16 -D__weak="__attribute__((weak))" -D__packed="__attribute__((__packed__))" -DUSE_HAL_DRIVER -DSTM32F303x8 -I"/Users/arminbreiteneder/Dropbox/Development/stm32/STM32_Tutorial/00_F3_Toggle_LED/Inc" -I"/Users/arminbreiteneder/Dropbox/Development/stm32/STM32_Tutorial/00_F3_Toggle_LED/Drivers/STM32F3xx_HAL_Driver/Inc" -I"/Users/arminbreiteneder/Dropbox/Development/stm32/STM32_Tutorial/00_F3_Toggle_LED/Drivers/STM32F3xx_HAL_Driver/Inc/Legacy" -I"/Users/arminbreiteneder/Dropbox/Development/stm32/STM32_Tutorial/00_F3_Toggle_LED/Drivers/CMSIS/Include" -I"/Users/arminbreiteneder/Dropbox/Development/stm32/STM32_Tutorial/00_F3_Toggle_LED/Drivers/CMSIS/Device/ST/STM32F3xx/Include"  -Os -g3 -Wall -fmessage-length=0 -ffunction-sections -c -fmessage-length=0 -MMD -MP -MF"Application/User/stm32f3xx_hal_msp.d" -MT"Application/User/stm32f3xx_hal_msp.o" -o "Application/User/stm32f3xx_hal_msp.o" "/Users/arminbreiteneder/Dropbox/Development/stm32/STM32_Tutorial/00_F3_Toggle_LED/Src/stm32f3xx_hal_msp.c"
Finished building: /Users/arminbreiteneder/Dropbox/Development/stm32/STM32_Tutorial/00_F3_Toggle_LED/Src/main.c
 
Building file: /Users/arminbreiteneder/Dropbox/Development/stm32/STM32_Tutorial/00_F3_Toggle_LED/Src/stm32f3xx_it.c
Invoking: MCU GCC Compiler
/Users/arminbreiteneder/Dropbox/Development/stm32/STM32_Tutorial/00_F3_Toggle_LED/SW4STM32/00_F3_Toggle_LED/Debug
arm-none-eabi-gcc -mcpu=cortex-m4 -mthumb -mfloat-abi=hard -mfpu=fpv4-sp-d16 -D__weak="__attribute__((weak))" -D__packed="__attribute__((__packed__))" -DUSE_HAL_DRIVER -DSTM32F303x8 -I"/Users/arminbreiteneder/Dropbox/Development/stm32/STM32_Tutorial/00_F3_Toggle_LED/Inc" -I"/Users/arminbreiteneder/Dropbox/Development/stm32/STM32_Tutorial/00_F3_Toggle_LED/Drivers/STM32F3xx_HAL_Driver/Inc" -I"/Users/arminbreiteneder/Dropbox/Development/stm32/STM32_Tutorial/00_F3_Toggle_LED/Drivers/STM32F3xx_HAL_Driver/Inc/Legacy" -I"/Users/arminbreiteneder/Dropbox/Development/stm32/STM32_Tutorial/00_F3_Toggle_LED/Drivers/CMSIS/Include" -I"/Users/arminbreiteneder/Dropbox/Development/stm32/STM32_Tutorial/00_F3_Toggle_LED/Drivers/CMSIS/Device/ST/STM32F3xx/Include"  -Os -g3 -Wall -fmessage-length=0 -ffunction-sections -c -fmessage-length=0 -MMD -MP -MF"Application/User/stm32f3xx_it.d" -MT"Application/User/stm32f3xx_it.o" -o "Application/User/stm32f3xx_it.o" "/Users/arminbreiteneder/Dropbox/Development/stm32/STM32_Tutorial/00_F3_Toggle_LED/Src/stm32f3xx_it.c"
Finished building: /Users/arminbreiteneder/Dropbox/Development/stm32/STM32_Tutorial/00_F3_Toggle_LED/Drivers/STM32F3xx_HAL_Driver/Src/stm32f3xx_hal_tim.c
 
Building file: /Users/arminbreiteneder/Dropbox/Development/stm32/STM32_Tutorial/00_F3_Toggle_LED/Drivers/CMSIS/Device/ST/STM32F3xx/Source/Templates/gcc/startup_stm32f303x8.s
Finished building: /Users/arminbreiteneder/Dropbox/Development/stm32/STM32_Tutorial/00_F3_Toggle_LED/Src/stm32f3xx_hal_msp.c
Invoking: MCU GCC Assembler
 
/Users/arminbreiteneder/Dropbox/Development/stm32/STM32_Tutorial/00_F3_Toggle_LED/SW4STM32/00_F3_Toggle_LED/Debug
arm-none-eabi-as -mcpu=cortex-m4 -mthumb -mfloat-abi=hard -mfpu=fpv4-sp-d16 -g -o "Application/SW4STM32/startup_stm32f303x8.o" "/Users/arminbreiteneder/Dropbox/Development/stm32/STM32_Tutorial/00_F3_Toggle_LED/Drivers/CMSIS/Device/ST/STM32F3xx/Source/Templates/gcc/startup_stm32f303x8.s"
Finished building: /Users/arminbreiteneder/Dropbox/Development/stm32/STM32_Tutorial/00_F3_Toggle_LED/Drivers/CMSIS/Device/ST/STM32F3xx/Source/Templates/gcc/startup_stm32f303x8.s
 
Finished building: /Users/arminbreiteneder/Dropbox/Development/stm32/STM32_Tutorial/00_F3_Toggle_LED/Src/stm32f3xx_it.c
 
Building target: 00_F3_Toggle_LED.elf
Invoking: MCU GCC Linker
arm-none-eabi-gcc -mcpu=cortex-m4 -mthumb -mfloat-abi=hard -mfpu=fpv4-sp-d16 -specs=nosys.specs -specs=nano.specs -T"../STM32F303K8Tx_FLASH.ld" -Wl,-Map=output.map -Wl,--gc-sections -lm -o "00_F3_Toggle_LED.elf" @"objects.list"  
Finished building target: 00_F3_Toggle_LED.elf
 
/Applications/Xcode.app/Contents/Developer/usr/bin/make --no-print-directory post-build
Generating binary and Printing size information:
arm-none-eabi-objcopy -O binary "00_F3_Toggle_LED.elf" "00_F3_Toggle_LED.bin"
arm-none-eabi-size "00_F3_Toggle_LED.elf"
   text	   data	    bss	    dec	    hex	filename
   4884	     12	   1628	   6524	   197c	00_F3_Toggle_LED.elf
 

22:21:43 Build Finished (took 4s.397ms)

